<html>
<body>
<pre>
<h1>µVision Build Log</h1>
<h2>Project:</h2>
C:\Users\86182\Desktop\”Ô“Ù≤‚ ‘\project\Template.uvproj
Project File Date:  02/09/2021

<h2>Output:</h2>
compiling main.c...
"..\user\main.c" - 0 Errors, 0 Warning(s).
Build target 'Template'
assembling startup_stm32f10x_hd.s...
compiling core_cm3.c...
compiling system_stm32f10x.c...
compiling misc.c...
compiling stm32f10x_adc.c...
compiling stm32f10x_bkp.c...
compiling stm32f10x_can.c...
compiling stm32f10x_cec.c...
compiling stm32f10x_crc.c...
compiling stm32f10x_dac.c...
compiling stm32f10x_dbgmcu.c...
compiling stm32f10x_dma.c...
compiling stm32f10x_exti.c...
compiling stm32f10x_flash.c...
compiling stm32f10x_fsmc.c...
compiling stm32f10x_gpio.c...
compiling stm32f10x_i2c.c...
compiling stm32f10x_iwdg.c...
compiling stm32f10x_pwr.c...
compiling stm32f10x_rcc.c...
compiling stm32f10x_rtc.c...
compiling stm32f10x_sdio.c...
compiling stm32f10x_spi.c...
compiling stm32f10x_tim.c...
compiling stm32f10x_usart.c...
compiling stm32f10x_wwdg.c...
compiling stm32f10x_it.c...
compiling uart.c...
linking...
Program Size: Code=1640 RO-data=320 RW-data=0 ZI-data=1024  
FromELF: creating hex file...
"..\Output\Template.axf" - 0 Errors, 0 Warning(s).
compiling uart.c...
..\user\uart.c(2): error:  #5: cannot open source input file "usart.h": No such file or directory
"..\user\uart.c" - 1 Errors, 0 Warning(s).
